<header>
  <link rel="stylesheet" type="text/css" href="style.css" />
  <script type="text/javascript" src="highlight.js"></script>
</header>
<body>
  <pre><span class="hs-pragma">{-# LANGUAGE Haskell2010 #-}</span><span>
</span><span id="line-2"></span><span class="hs-pragma">{-# LANGUAGE CPP #-}</span><span>
</span><span id="line-3"></span><span class="hs-keyword">module</span><span> </span><span class="hs-identifier">Bug1091</span><span> </span><span class="hs-keyword">where</span><span class="hs-cpp">

#include &quot;Include1For1091.h&quot;
</span></pre>
</body>
